c48fb7fd77a531d844a851a1de834d34adf79b6e62af2c9f3ecb7cfa8dde1f64
6cf2e78968e5b70781ad42667e9da193f16f954ba8c8502071c9a587ef45e0ac
1086c4daafaba746be1e90c58e632dc70e86f239dfd9aac8778c4c8de4d36056
7827378b22f49875585954893bed45ac0719a8791c3d5b1a65b9518e49004c94
e61ea19b9693b67d9408d14476e0d5fabe8fa5d534f89a472e9cccfcbec1cda9
b6a23233281a4127cd5dd2d684956b3e7e9075192cd74e2792683b864597d931
81a9fff80e7ad82b0f5d5fb29273ced645bfcb1b322facdcb134b207adc54700
2d2ff1ac05b022a7983524422997189c924206b15ec46bb59f3b43fff373493a
571a3494cd6fce1bfbcfb6c07cd75a3aaaad4617f22366f12ea6cdb92ea801f7
6e9b7be983bd6a094dfc407f39dd3115b84c00de9ff4a8cc7e345ee447abfe80
edc4202caeca331aa56ea1bcbca432f2d6f7dd568830e899334442ec7bfe88e9
db12d80235e82f97fe92f7f35df0af38cc14c021cdf6d5553479028b34cf6be1
e61ea19b9693b67d9408d14476e0d5fabe8fa5d534f89a472e9cccfcbec1cda9
ea31bf8b0617109100db17ecb26e66134ea4e3f2e607d346783da4cc91c52d6a
853520aa87d320115d508e680299de49942ad096c396626eb09ec316439ba6b9
cd8bb88b4dd6e6c4c6072c7b6bb44d2c4d126931f707a532f75329ab53bcd480
df3421722dde1d94d973a380ea63acc39065ca0404bd2d84c3d755553f8ce5e9
b9414eea46a9f02049b59d63f1a1a2fbdc3dfa6f9b09666b7332d26671456219
ee0181896bb2c6a32081f1185d63662aaa9d4bd3662565d0c0c969f594aa1c92
820fca167918e0a2e455f121dd84e3f487c6f628e7defe45f9a6473b76a8b366
9b695d1d6164270528ee977a1dcdef9e15f0bdd9213ee1eacc8b34c8e9bddc40
3524e86bf12a075453b5e0b64ea843fce1c4fc3aef1fb748533cdab57b4fc003
8e7597befd9d86e9b68b58e9fcdb75b1f6600b8817f6d171384f9438f1a69e00
6d49a0e0f9edfa927df88ddad1175ec4c0e431abb52f5a3c20d0d89f4168be0f
8424c4218f781ee58749a6e7555084f355e1975569ab90718c8db2bca3cbf921
6ff77f43304b5bd8a23fb87c332908f128aa738a1b67afa868aad317f8417ccf
96df20d55bf83aaa502475ffe64f63f19dfb0cef1e465e56798a80dc6a8a95c0
8e4adbf521848dbec6a023378c102840d9f5622764646a6ca60bff8585ea781e
9a6bdfc044f72f89adc16fe8e4b7c16f932703bd1e9003b9176dd049c1e26a2a
0575a57a5023b53d78c9e40fa0d6e51e4542d55cdaf33897d272ce953cdab95f
b3f2c5918024cc76e7137aac1ae2b84530727cc3d4eaf75862614acf8a6590c8
e7ce2a60f204dc88d8a3e966e63bb9b8f1d4b029800554fffe1151b01e11dd6d
086c72e5f0899a09084c8e25881e7d3724d1074d22a4806f243ec190cae1f894
9dd3ae5ca8a0120374db322dbf9505205b51ef87d798f67c9fbde325ef9f7b05
bb9264e76e12b17e2377537fffac7145ffabfeb640ab855cf0a6ff36c74e99cd
2bc798ec85399f3f8b40b97a29492629b1a1faa8a05d784757c5dc9cead41c29
899b630a6d7e9bcb6e884c24ef0e75c32de9c6fd6e0cf98d1d655da1c01e7c13
f9af426e60d3babf8455012ebfeb3ef8feb692d0f4a36a26a94f16d404549823
12f107dd1078c89615bdb9cbe86e3d15ad226fddc2d7393ea319712bf06df7ee
e492dfbea69549bef04877ac0282a4d214334b04c51a9df363f23817a8eb9c82
0937918e2f5e1ede924ed6b826f4b3a7f06e11fe8691a073fbd5fb33e04c226d
b4212123cfbb4e364db39b6109464df9e09677cc62a5e877a9e4328a339b88a3
f4dfc789a561058299c8abae98061d483cf497f4ff4d895d86419b676f62b5cc
aaab67f3f4bd0ffb99d2a90388417eadd2e521e80b6d49b28eca60087badc648
528cb875c95718ab84016f465b718ed8bccfd5274f2598d2d9f0dc139dc9e56a
dc4265b9458bfaf2568f516f40d60732a0c25c32887f3e71f9bf1771c96de31d
d512aaf632e07c775fc1f1d3d952a965d5126d1a8c7cc9a26c429faf15beeb9a
93b99251af0701eed6f3c38469e32bf66c6f553cd3635a732bc6b619ebf486b5
08c8f12a26ca9f113c1973c5718c4d8dbe694dd508a4d9295b083a6b13a1ea3c
448b6b847a024d7e4f9e96c84d42275e1cf32a63700cbfee313221fc9105a04f
b2accd713492f7b4a4c839a159d1feea9cee355847363169fa57ad3db6ed7019
e67a7f447796ac8c9b063a750dec57fff6c5af27790350d3bfeb464c41439822
26d79b89e1c48d3bde9a52ef9e227827473e5e27c2eeed7ed89a89ff6e4336f6
1b2a1612275707dba0e6928bc1e280ac450dfa258d6b07327579f5e8b372984f
029d6a1807fb7cc760f26da2fa397ff21b1a56b95a7305f5cafdaaf85e30d8bf
46c687b9d179b0f5edb8871f9f751407edc1f33702861274bc5624dce91ea6f4
0ea9a118a72b0395bb6d633757b7ff0f8c16a54c825ce9d58298f993c2467613
0dc17d33000162b1764bb800f9ec1d2e39d490209f598567a7cb501bc78155d6
242c2e400ec66a7fb61c6e0cf5f1b3d6bb72696ad4fd170b8c6a53edb9a7b279
1f663b1ea53f7c71177a04d545e296601c0823fc87aa0ee08a0f9a525b4608f1
b6bbe3c507a4d0fecbd8ab7e3808f571a19f8fcc7f62e0200e72fdee6103e9a8
e78635d3b10428c208017173bc52e3be4905b7173d00001a75ca3b9fecc9d877
0967cb4a61bfbcc52e47b3e496550f959b41a1ffbfcab7510e6c4c0e19332f2f
5768c17d7494f9a1dd6c5868435831b7b728b1fa9a45a59f502504dc156d73ea
2e1e40c4f7b85d2923a42eb857c7ad15c96d06aee679bf8e0803c263b81a40e0
4d6edcfa92b910992945bd2556a0170dea82d75a0b7a22f31cda2cffffbd0401
ed967f30d11193d8a8890b377c0645889a32c1b904445e57de5e6de1dc779afb
1fee22384d6081739b1bc2cb34ac346b109343384b1ada62ff97acc3da8910f6
2917dd825624ed72ea6a630002d400a28b18fbd427e0477f082ea6b820a2fa44
f6eb9bd41b45ed088b72d9d73d6da08e576f1a7ea43a1fcc60d4ee60e63ece56
9f14651d3733cc4430bfbc5f7e74de0dcb124ff2e6b647d56b836a330a8a81bf
2b960faf2b22794b71cd4dfac6a987fb9a45ed2469cf24f31e61bbaa449b3c00
e3ee12ebb972a3b233d43de302b19fbd9e85666f9fc61834889e257d62aee58a
ea2973408102f5135b7c30a7dc87918eec32e7c8e041c339ad793a439d800c93
dfa392d88237eca406a99d0263de64657feb5c4cadf3acb11c66d6045c983b86
8d441239f18e3334bf8b73940209b0ddb4a45902d8f5cd00a3bedbf6824befa9
ea2973408102f5135b7c30a7dc87918eec32e7c8e041c339ad793a439d800c93
97fd382b21af1b2a9f9f54bc02812d95b8e5010b4137e173bfe164c2b4ae4c62
669e32a15eb23dd9e0f3922a427107bf070f52c7fd1772fea85f959b0c4a2799
102c2c51bac4fcd5bc2887d5e832b608c28d38e014843f425e03f3b1c0bfaec4
e33ea74d90c266bac3225efa9f312e46be0df02b6330518f8aaeda8282e4ae39
1e3caa88c93b90af538557c7dafd0fbc29c0cfd8fd93ad36ec6c5d76f407a2ab
5bac805860f2e14a38de9629c8a8958feb38d264cefbe0d6d207d25c89e1153a
dca3194863e94e8d4d6d77acce11b4d1e0c9b52f367242b1fe00490f75df0f93
7102adfef5421bcc2757575cd6c96845f197e969bf5e04fa23698d7efab2d43f
493fe05984c63de70d07933f8d178b7740cc477bf23d5d30364c3297a6db80fb
6f9e6eff26e71b8a3afc822777dfd046672ecf1e56cf008b7f51d7ae3c8462d8
42750ef3ef7a25756b1b3b19f22a74fb18e00a606cb59bd92435fce106f90da3
bafa09c036b5f36ea7425d30b75a0e627b6ab0436194e34722b172d20fa04207
42750ef3ef7a25756b1b3b19f22a74fb18e00a606cb59bd92435fce106f90da3
dbacd224bfbcc20e7c6f173e4a97024345f3b6e45ed3da57ac44c4a976b92f31
711409822fdaef8cfcb5fbc15e7b2eccb4d8e8cbc0b3230d57cb710e692aa833
dbacd224bfbcc20e7c6f173e4a97024345f3b6e45ed3da57ac44c4a976b92f31
dbacd224bfbcc20e7c6f173e4a97024345f3b6e45ed3da57ac44c4a976b92f31
6a5f19749442519f0fb46726625967503d284299b51ad815f57353788879c540
33326a5d415da7638c9dc39aaf6b80c686c47fcfeb84c2a29cf725e4ccdf0d17
bf80b22399c3ba24c0d081e2ccde24416c968f5e78282a701d53f92bd3998c1a
6a5f19749442519f0fb46726625967503d284299b51ad815f57353788879c540
33326a5d415da7638c9dc39aaf6b80c686c47fcfeb84c2a29cf725e4ccdf0d17
a167056548e52600be92e746bb10303ecddf61d98a7a873480f19865d7e1d6ba
47079433b477a56097402c44ddc0653e730baa684aaddea3ff0ef4604054118f
03adf88f60d88bdca188bf1f36b79f28bd78564cb85df474d90ab24c9a63cd0d
3f503cbea41f0769cfc68945225ef944110ba3b19dcca657ed791b7f6c6af7d5
bf80b22399c3ba24c0d081e2ccde24416c968f5e78282a701d53f92bd3998c1a
a167056548e52600be92e746bb10303ecddf61d98a7a873480f19865d7e1d6ba
c5e4331aa8cd6a07e17a997edaa032d9a011a9760a18870f9a1272ecb7014d36
044cb1a88521094a34ca1857b066670ee991059ef182b52d266899b2787fa026
044cb1a88521094a34ca1857b066670ee991059ef182b52d266899b2787fa026
a7eee0037ebf9f3cd33cc25f64072bff21b1e7bbf9a8b4365c4e74d35f3b0c27
02156efdcc0c264263ede73bb542337502f9b9da3eab958f5838f01ec1640a4c
2e26dbc62f919d2a4202caecaec262ef17cb0984097cf6ec530bf50bd26687b3
2e26dbc62f919d2a4202caecaec262ef17cb0984097cf6ec530bf50bd26687b3
614458dd314c8221544f1ac1e256855f6dede9be082cb3d528348705f17caa1d
11f34ef36b3b05248d2b9ca7c7f192cdcce1f6b1e777c76c3e689e890a879ddb
200ee37ae75a7acd9d1006471e3b5bf3ee101027695b7a3ea53bbc0eb38bedc5
2970bbe2075dad0310c919d4fc5f4cc0bbe302b8ff5bb737c0ec61adb10691a3
200ee37ae75a7acd9d1006471e3b5bf3ee101027695b7a3ea53bbc0eb38bedc5
b943ff15ad35217a01cf45d1c001b5e55be957b26db33c0e46c673ed68bd7ffe
2970bbe2075dad0310c919d4fc5f4cc0bbe302b8ff5bb737c0ec61adb10691a3
84f1c663f6ca354132b2402a5af82d16cd42522e0c4baf062a0f96d8e38a88a2
3ef8ca1484c54cbf9d0abfb84a2a783ddfa211b1ffe1e4b4e75db81a2b59803b
2226abed59651e99568fd95a431c483fa5c20b413d7b281f3ad0262cfd34a2d5
42f576c2c77a3c30650ee1313c0d9622cb4d5d8aa0d29794c415ef589f0648e3
c9721ebe7dd10b0c15a850aaee103fd63a235e6ba449567e57051869e89dcc8e
c9721ebe7dd10b0c15a850aaee103fd63a235e6ba449567e57051869e89dcc8e
37c54627fa386c98a78116e309420bfc0632abf1e6434461e8995cdbbce14294
d26ff544b7f274b37b2b15883feeddd42db012bf65cda64e2f73e5abe5b44a9a
a6f00b0741b30bbc7f497e926ebeed445cbb41cc9b826447f76359ec93affd77
202917e44d5ece0bb93f9275e4933ac53211962fd7950b871ff33733bf799d7b
16a71a899f462311204b1f78f0d1d72eb0704a179f18ace3bc6f1bcfaf702772
6c9314635d21a0198da5b1b62c4b7fd07268ea25c3ee5aabf290f02ec6f2ac08
ac7c7a2f78f1f36cfc2b038037becb9f8a5aa5fd717fe858b54ddc20a135ddc8
610433067e8bd247983fd2f17adfdc6115d096d97bf5dc3a37cfe0c4ad505b54
09e2dc12997763e9f7ff84226664947d9027947ff37870ff56b1626e468606a9
ed915142f6625e973dc1157289a57a47c4692d98bfa7ef969c079dd1695f5703
61eefc1855bb698eaab59f29d11a16307e59ccd2941d50e15121f0467cad2a07
ebe1d014df4983365ed8cf619123424cd11bef8a4f80b311cc0f05e9aa25dd96
d14043e0c16ff51e528262fdfd23683807d2c9878a3e135bfbd324fe9ba18187
b3866d379bdf01f2df5a78611f83c6126ab4f88167c49efb16d6df575ceec540
4e8413be1c2c5179275dec2c274b77a61d7f13a9c7476ece9be753a5fd7f1209
41b18cd165c99a1622f763f9e126bb70ba462351ed3a049ad230b5dd05cab6c0
30ee656385c23cc78d65c2685b099f112298b2612ae693dcbc3ea27b60d94983
30ee656385c23cc78d65c2685b099f112298b2612ae693dcbc3ea27b60d94983
30ee656385c23cc78d65c2685b099f112298b2612ae693dcbc3ea27b60d94983
4e8413be1c2c5179275dec2c274b77a61d7f13a9c7476ece9be753a5fd7f1209
bd6eb3e9684d2b49d5e677911cced397b152a7c040346986f98f4b9f3642877a
08e05b0508841810f53dc23c5f74f1a06428f2e983cc0100f0f512eac95b7036
94cdf55af1cb65ededdc238bfe4fde118a38be998d9dfd1202bd40a2738495f8
64d17e129fa3ea546e1efd243a05953d56283a508002efe32576f89cbd05449f
9930f719d6b105ff9e577a31749e4876d82492b12b3338e2ac82e3dc2a7dbb79
419d5110d688f253f5e4f0c78a1d1e1f235362fe2a9af1fd3f3d11598c112d99
13d9a62940d1c8f14c84d810fe78690901027118bfc003c4cc442436af9c0281
86d9a3b6b3eb13bb725d6d04ec729433f04a525eb43bef97d6cc1f88835c2912
c558d0a823e4b37c16d279dec54a3167a5baa9e79505d807b515d9c73be15428
6c9314635d21a0198da5b1b62c4b7fd07268ea25c3ee5aabf290f02ec6f2ac08
88f5546cfd114a754714d0e67ddced1bf69e0706c35fad9aa5bea203233c6dba
5e27df255b332bbc8dcfd142420cfdd7675cef611eefcbe2cc6c66ffcdb63d29
b71c23969da9c61e3fd4e438ac785661261ddf030dee1a1797962fe398ec9a71
8fc72c3078b51f31fb284eeda1246fe42f97e2d4db9f97f66541ac3ff407ac5d
fe5bc8f5ab2affda79048b4d6c8a52c24b6f90c60c22262f6c9faf630a3f7b22
04f79c0fbfb99ca2aafa1561847244050bd94ce5e2b471c670793afa9a18056b
5bdb28a10bb4610fdac0765fdc327323a3a65bca7f54b259a88c1fd8fffa4e24
718e35bc122335a0bf809a05d67cd38f8920f91e834413f8c435ffe8a17a3ec4
a3a8560e56a92c4c0a9b2f5b1af649cb230a9defb56754f85484b717c3f94cc4
65135f2c1e85ab7b91a9349efaad39d5a43134735c28de7d42b84f8abe469e79
69cd0b8cf2a85541d1d00846791aca1a1d0d7d42570c66786ab87d462928cb5d
79708cd86629d7be64c5b6fc5e5f7325273bd5b0baedd310c6b3f3c9b00d1bf6
395dc48e048e013d95df2b50a992187ee9ae71ef5d319a4f491cc6dea12cabf2
e951da6ec84ed2d3cdb14f8ef89674450b286d3747d3619d8986c8e72517f1c7
392fcb1fea18e8e6f135b341a516bea1ef0340ccbd888297ed26904db8316c86
35b099d7085624d09f06c4d461d9a123311514bb7553f25483212678154a1728
fd42f1095ef3fffec56f7e20f3b07a81b91bef201b4a4d80740e752405708b17
d52f62f60ab0b314bdbefad78ed22849e5d84929c20856ed9591e8d13423a9b5
f3d675fe97d7be6a2ac37c1f04be0a890f0946f4128ca0eaa103d2e41310c2f5
7e511b95729ba454a0ce8e8e04ad2806e79b7a836b6c474e70337dd6015a33fd
7e511b95729ba454a0ce8e8e04ad2806e79b7a836b6c474e70337dd6015a33fd
113e8c1891308fba0aeef4883bf82c737c32bcf28bfa1e9e2554c9ccda71a1bc
523a4368e5a599d01dddf6177edf6dd09008bf32c818b5f3eeb11ebc7b0c5205
523a4368e5a599d01dddf6177edf6dd09008bf32c818b5f3eeb11ebc7b0c5205
523a4368e5a599d01dddf6177edf6dd09008bf32c818b5f3eeb11ebc7b0c5205
c75613af73f920fb8d5c2ee8bcbed39827b0a345f91eda552adc1256d86c6841
ab7ac0dc00c17f9910cea04ff58be82380e50416bb04c3282c212a87b29eece9
43237657b9359a5930d34e353153dab6f1a8af13c733a617db0067f5fec01cbf
95868d850ed2bf0a92728317a45b54ceb7d0ee3dc043e8e04e30d0bb53b72506
f1136403b0082179cfae0aed1c5578d3f436018e735e7e77c619d0e55ae49b8a
d2b9941b78d789fa401358843c7ada811fff1a497527c264c716061fc931a93c
bf9187a1788e9d37abe7774331f147f61b656a1040d797fc8400fc6c497f27b4
ab7ac0dc00c17f9910cea04ff58be82380e50416bb04c3282c212a87b29eece9
ab7ac0dc00c17f9910cea04ff58be82380e50416bb04c3282c212a87b29eece9
f1136403b0082179cfae0aed1c5578d3f436018e735e7e77c619d0e55ae49b8a
113e8c1891308fba0aeef4883bf82c737c32bcf28bfa1e9e2554c9ccda71a1bc
113e8c1891308fba0aeef4883bf82c737c32bcf28bfa1e9e2554c9ccda71a1bc
f1136403b0082179cfae0aed1c5578d3f436018e735e7e77c619d0e55ae49b8a
ec3818f0e1f8ebb6f5c43bb4b4cf9c72ad94596695f6047409230dbd4985f501
8f3fa452dd9e601664a749e9f71a2d81564bece486621437adbef619bc072033
3deb46a7badac875c9d02d2a490bdb57fb9e2c72ef7f4edbc447c2e58f6ed481
3deb46a7badac875c9d02d2a490bdb57fb9e2c72ef7f4edbc447c2e58f6ed481
3deb46a7badac875c9d02d2a490bdb57fb9e2c72ef7f4edbc447c2e58f6ed481
ac36fdc8165b8af2021cf418ecfd5b5f7815ad8996a1548c553d9cd57d61e26d
52020c9c6af0d0349f32b5213d60577c67553b3f346ccf67dfad4b4c5995f672
d40b3d6032e931d6f497fa0e01fa981281d9b6eabd4ad609010398512d03fae3
e290c60da031c069b71e867569d2197ed5af02ca156bf1bec631840c1ca5ac2c
1c2aa952a120c557feb46f46ec533ed1e8f4c487b17f1cb0eff14ec6268ed859
dfc8562c54e79f7136e75267b6ea85fbd85e4e0978d5450bfbe23d1326f6649e
bc09aff0dd65efc5b7aceb8cb4d4708082515a8759d05c1adcef5354e3b129e1
91616e9e86ac75c1c7c3aa7ac316038764037be18bbc868070f8063746651922
32cf538c3cba54c71614442c501ca3e1f765dfc163ebac769c66a142c71825c4
bb14f150074811fd5aa1af5291a58a603390b5eb03b01340fdccf5cbc265504b
bb14f150074811fd5aa1af5291a58a603390b5eb03b01340fdccf5cbc265504b
fa5cc97aa204eeb725d4806c8f61bdf3ad49305d4f467b790220c8409daf4124
bb14f150074811fd5aa1af5291a58a603390b5eb03b01340fdccf5cbc265504b
fa5cc97aa204eeb725d4806c8f61bdf3ad49305d4f467b790220c8409daf4124
32cf538c3cba54c71614442c501ca3e1f765dfc163ebac769c66a142c71825c4
91616e9e86ac75c1c7c3aa7ac316038764037be18bbc868070f8063746651922
1f72ed460a5e238fbdf767bbb61a67ae6832249d78d5dcb22de320f106723804
1f72ed460a5e238fbdf767bbb61a67ae6832249d78d5dcb22de320f106723804
75549a24354eeb6c746990e7d9607e582e664189346dc28ea07431a63bcb1bc6
75549a24354eeb6c746990e7d9607e582e664189346dc28ea07431a63bcb1bc6
9a8a5cf180649499bc1fd3b568719ceb8fd49e392b52236504f3482b2177e818
18de1db12db9be46d6749aa21e31a70a24fa5618a39c396a9f2272e49ea28db2
294e60e0506bc6f7a7b6e2edaf3636d7ead3a15f2d540710fab7dad898e87e86
56ccec26e649d8b75292ca9d12ae8caedd6437e2f82b9f29de8c58d35a4324ce
422551a093b3fa3e2ddbac0bfa8cbf0ebbb41c263cdfe133385f51e9a557f35f
422551a093b3fa3e2ddbac0bfa8cbf0ebbb41c263cdfe133385f51e9a557f35f
02c7d895e002a0b61e8023cdbc62bb582e0380ec52ba64281e731862f373f704
a3a8560e56a92c4c0a9b2f5b1af649cb230a9defb56754f85484b717c3f94cc4
d46fa306ed46eeda633ddd66aeb211265c7cf5666d9a85781fad5f5360962668
085a343e12e47230ac0690dd9d465da53a88897e602a50d6efdc9abe25e38271
d488d5b722234db143f90c2d4bcc889de92ec6ccc17780a1e71bf350fe9ebdab
89fff4db9077d669915d03edb2f1e1a668d8eedb189c0868542db76b6b8b3d0e
02c7d895e002a0b61e8023cdbc62bb582e0380ec52ba64281e731862f373f704
59ab0954b84163e44c4fbe9b5528547c0c773502e7f8ea51b1960816d4d06463
59ab0954b84163e44c4fbe9b5528547c0c773502e7f8ea51b1960816d4d06463
e140e8fc741f1b04543a262f8583c92423b6ceab97fee74e8e766ee3cd0b212a
e140e8fc741f1b04543a262f8583c92423b6ceab97fee74e8e766ee3cd0b212a
e140e8fc741f1b04543a262f8583c92423b6ceab97fee74e8e766ee3cd0b212a
0b549263e20da477d47b256ea3df4e0cb8375b12f9631920c0c65160e366ba7c
b1a402c1e11e3c263211a98c2e8af854f3a7ef34e495a7d6d32fac78d2b3e1c9
8324ae948b6c2128f2d5b12c5386dd8d0f6253291b3cd40573159fc669fe5d70
def657c14b4fef15b998cdf1420e876074fb932717d2deb8ed89810f17f12c63
9eb9af29671b7dcf83440632d3e47791d44378b49104240cb7116764fc1af581
3efa14fd7ca0939361ce8efbed4e1e98dfa52366fa3da74b705f07547a3b5d41
3ef8ca1484c54cbf9d0abfb84a2a783ddfa211b1ffe1e4b4e75db81a2b59803b
42f576c2c77a3c30650ee1313c0d9622cb4d5d8aa0d29794c415ef589f0648e3
d356d29d1ce8788b6167a21e7474481579bb6f50b643e25313b5dcab47afaf22
6cbc50af2dc5aee50c465cadcdedfe26b72102070d72aaff9a84bfe71414e63b
263bd051e85f0f80a45f3e574facf05cb3c8b295f9c9b6718da0d832da14dd1d
3712d877d62d4c9faad442cee0950716bd9b124275d587093b7666e0b45686d1
71dce694c4c260dcea9a8d51ead5c339e02ce1f7d90b28ea4d84536252a99c40
aac8d4d09937f9bb608a8eb967cf22056309242cb6986d28e113890bfad0d9ae
07570e5713d2223c33570edb64d5b856f8d9725116a6da4f3e5ebe8be5d1150b
9ec7d92bd48bc142a3a2e586f65b51a525f9e77c44ecd912c8d05762502720c3
b779172025d97dbf99e1a8f946c99ea19a9af44beb1cfe019d1237f4ab2a6220
b9e89ddd87a5e55e13b53479642f8e1018eefe768cf08822c26bdc016cf19bba
4f3dd185ecd630d081780f02b680f5ee068f7f7786d8be6b6eb43a71de2f50f0
c86ec5ba98681cfe7464d145362724fd48a3628a4842dd306293ea3d6b6df123
b42cb2a6988d3382beb2bc871352ac1d7c3752572a225efed56aa95fa96f8bf4
cf98a4b16b19650a9efee2391afb9e47fe38344c6f2e95a2f489abb15bcdb9b6
979e7a50c0a2ca3d5bd68d2449ad87630c9b47e9c1a3fa646a43c398fd185394
b1e6e3df794c1551ec15b162b8a8eb81121286d385726fc9656b7e672f128887
23f14f04d5131ddf85724834b032d2a2e901ce756bb251d427073fd1af7035df
56c001c9faf5631a38899e9b71d0d7593f5be62635a8a41dcfbaca2889c2afb8
a81cb68fa33640ca15f1e5e8e0417e34b2081704d3fa4f07bd27162291f3f6b4
4636009ce979d26cfc9ce0108166a25f411c9c3840bda7aede3611b23e2e7491
a3a8560e56a92c4c0a9b2f5b1af649cb230a9defb56754f85484b717c3f94cc4
2f67e0789bccc2571623cd46363cba8fea934acd664484a55815f634f805ac38
45a86885ff4207066d2e90777b5d8fa8cb61b81e8ecc370a69af4e75def8fcff
1341a57dce5c4ccb9465671fa2ddd25fd9969cd9c53f820e82c130697c8e9c52
bd12c3a70f4b2a9e489e7bc25ac30693e5bacb18c583a19a584e7206aac6db98
a2735a092dcf4f521890d69dca967b6ba54b154e5c49c57e5c233f2af4266253
92d964cdb979c61c5caa1e0543cb4e5e7e52770e8326313cee8e7aec86700c13
4b2ddb994e0b3896c669f33c57c744d3f1e42c0e2ba0ae064a0d226c959458e0
8c27e4efd3fc730fa43600227235d8e78980368f48dbc3bd1ae190ff8e3bd8b7
e0a0c45a07d5d9addd997b4f726827ad0d331897e67c8826c9edefddc324940a
44291b5a50f00137b8df3c0af7ba15c3c565a2145106467af3a644a524542676
533e1686da36fe8f302966f06fd4d2076a02ed36d492f942092ef7bd1ca1dfd0
28fa6f77ea7db8fa81e6555715ed8e808616604bab52ed7a9c4395fd85e06958
28fa6f77ea7db8fa81e6555715ed8e808616604bab52ed7a9c4395fd85e06958
d488d5b722234db143f90c2d4bcc889de92ec6ccc17780a1e71bf350fe9ebdab
cb00ac7e39f3a195d511793ea14cea7ca140447d811766802c8404227700b9de
395dc48e048e013d95df2b50a992187ee9ae71ef5d319a4f491cc6dea12cabf2
6c9314635d21a0198da5b1b62c4b7fd07268ea25c3ee5aabf290f02ec6f2ac08
f728aeb0692d73b221afdada0ffbd63c5deb91ab08968412d776ce82c031680e
08e05b0508841810f53dc23c5f74f1a06428f2e983cc0100f0f512eac95b7036
08e05b0508841810f53dc23c5f74f1a06428f2e983cc0100f0f512eac95b7036
08e05b0508841810f53dc23c5f74f1a06428f2e983cc0100f0f512eac95b7036
69cd0b8cf2a85541d1d00846791aca1a1d0d7d42570c66786ab87d462928cb5d
69cd0b8cf2a85541d1d00846791aca1a1d0d7d42570c66786ab87d462928cb5d
b7d6fae4f8c7a5544b7f4fa9e7db8d4b4e407a58c64d6ae943fbb9699326302e
88852ca92ed0ee055a3dc98bcca491c1065e8befc35eea42a11f596a4f6604c8
94cdf55af1cb65ededdc238bfe4fde118a38be998d9dfd1202bd40a2738495f8
b7d6fae4f8c7a5544b7f4fa9e7db8d4b4e407a58c64d6ae943fbb9699326302e
16a71a899f462311204b1f78f0d1d72eb0704a179f18ace3bc6f1bcfaf702772
08e05b0508841810f53dc23c5f74f1a06428f2e983cc0100f0f512eac95b7036
08e05b0508841810f53dc23c5f74f1a06428f2e983cc0100f0f512eac95b7036
08e05b0508841810f53dc23c5f74f1a06428f2e983cc0100f0f512eac95b7036
059d8106ae5a4f5e22a28a55e4ff06a84c353c788998fa4848af21a2f6de6a57
69cd0b8cf2a85541d1d00846791aca1a1d0d7d42570c66786ab87d462928cb5d
16a71a899f462311204b1f78f0d1d72eb0704a179f18ace3bc6f1bcfaf702772
059d8106ae5a4f5e22a28a55e4ff06a84c353c788998fa4848af21a2f6de6a57
94cdf55af1cb65ededdc238bfe4fde118a38be998d9dfd1202bd40a2738495f8
88852ca92ed0ee055a3dc98bcca491c1065e8befc35eea42a11f596a4f6604c8
56ccec26e649d8b75292ca9d12ae8caedd6437e2f82b9f29de8c58d35a4324ce
64d17e129fa3ea546e1efd243a05953d56283a508002efe32576f89cbd05449f
64d17e129fa3ea546e1efd243a05953d56283a508002efe32576f89cbd05449f
64d17e129fa3ea546e1efd243a05953d56283a508002efe32576f89cbd05449f
56ccec26e649d8b75292ca9d12ae8caedd6437e2f82b9f29de8c58d35a4324ce
6c9314635d21a0198da5b1b62c4b7fd07268ea25c3ee5aabf290f02ec6f2ac08
94cdf55af1cb65ededdc238bfe4fde118a38be998d9dfd1202bd40a2738495f8
64d17e129fa3ea546e1efd243a05953d56283a508002efe32576f89cbd05449f
79708cd86629d7be64c5b6fc5e5f7325273bd5b0baedd310c6b3f3c9b00d1bf6
79708cd86629d7be64c5b6fc5e5f7325273bd5b0baedd310c6b3f3c9b00d1bf6
94cdf55af1cb65ededdc238bfe4fde118a38be998d9dfd1202bd40a2738495f8
79708cd86629d7be64c5b6fc5e5f7325273bd5b0baedd310c6b3f3c9b00d1bf6
94cdf55af1cb65ededdc238bfe4fde118a38be998d9dfd1202bd40a2738495f8
94cdf55af1cb65ededdc238bfe4fde118a38be998d9dfd1202bd40a2738495f8
94cdf55af1cb65ededdc238bfe4fde118a38be998d9dfd1202bd40a2738495f8
6c9314635d21a0198da5b1b62c4b7fd07268ea25c3ee5aabf290f02ec6f2ac08
94cdf55af1cb65ededdc238bfe4fde118a38be998d9dfd1202bd40a2738495f8
6c9314635d21a0198da5b1b62c4b7fd07268ea25c3ee5aabf290f02ec6f2ac08
94cdf55af1cb65ededdc238bfe4fde118a38be998d9dfd1202bd40a2738495f8
a3a8560e56a92c4c0a9b2f5b1af649cb230a9defb56754f85484b717c3f94cc4
200ee37ae75a7acd9d1006471e3b5bf3ee101027695b7a3ea53bbc0eb38bedc5
0059704fc9bedb96a09023fe984bacdabb8652e91e18010632f4a6f53e169a5b
08e05b0508841810f53dc23c5f74f1a06428f2e983cc0100f0f512eac95b7036
69cd0b8cf2a85541d1d00846791aca1a1d0d7d42570c66786ab87d462928cb5d
a3a8560e56a92c4c0a9b2f5b1af649cb230a9defb56754f85484b717c3f94cc4
1caa18153eed4a45e4f52026c23a9b9a050d0d9a03527fad7dd9d7f1c08c6a0b
070db60b791aa1b436376bfb95abcae1d985228ae1ffd53ab42c6a18f00a18f2
395dc48e048e013d95df2b50a992187ee9ae71ef5d319a4f491cc6dea12cabf2
395dc48e048e013d95df2b50a992187ee9ae71ef5d319a4f491cc6dea12cabf2
395dc48e048e013d95df2b50a992187ee9ae71ef5d319a4f491cc6dea12cabf2
395dc48e048e013d95df2b50a992187ee9ae71ef5d319a4f491cc6dea12cabf2
395dc48e048e013d95df2b50a992187ee9ae71ef5d319a4f491cc6dea12cabf2
6b0d206ee8beb1a6694d76f5dc721f5b32f277877ef10ad660ce031b63bf3ca9
673908dba2b91f11743b647283314394dce5ef3f1f225d22e39a7b2ab172a2c4
b4c65729c1832ad0c946fbe2d68ca9a7645d89da80192125b42823ffed39362d
40939dd395784990e91cc31d066617d39bc1c53a758fecbdb521cae4dc6d88b9
3eda10e52b77f141150325465ecb5a27b7c5dcc2b300034f62e81f8fb706a066
2dd91d566a425a4f1194b6f819784429f0da163f8a4bc97a4434e25da71efc5c
54a8c65ff5cf765e3e6d227b5ef0bde672e1a02a167549573b97909ac032ec37
54a8c65ff5cf765e3e6d227b5ef0bde672e1a02a167549573b97909ac032ec37
54a8c65ff5cf765e3e6d227b5ef0bde672e1a02a167549573b97909ac032ec37
54a8c65ff5cf765e3e6d227b5ef0bde672e1a02a167549573b97909ac032ec37
338e050ae8733631bdc9f0c9def9c893435a2303a86efdfb80ee7d509f2108a8
fd42f1095ef3fffec56f7e20f3b07a81b91bef201b4a4d80740e752405708b17
e140e8fc741f1b04543a262f8583c92423b6ceab97fee74e8e766ee3cd0b212a
395dc48e048e013d95df2b50a992187ee9ae71ef5d319a4f491cc6dea12cabf2
5fdf7df929ab7c0765c5f6d53dc578080f320b11da2425f8fc192c39b28d007e
059d8106ae5a4f5e22a28a55e4ff06a84c353c788998fa4848af21a2f6de6a57
200ee37ae75a7acd9d1006471e3b5bf3ee101027695b7a3ea53bbc0eb38bedc5
16a71a899f462311204b1f78f0d1d72eb0704a179f18ace3bc6f1bcfaf702772
16a71a899f462311204b1f78f0d1d72eb0704a179f18ace3bc6f1bcfaf702772
88852ca92ed0ee055a3dc98bcca491c1065e8befc35eea42a11f596a4f6604c8
42f576c2c77a3c30650ee1313c0d9622cb4d5d8aa0d29794c415ef589f0648e3
f161e5a126830c610c1faa3899db10a635abfd2df52027985c75fc8727116d32
f161e5a126830c610c1faa3899db10a635abfd2df52027985c75fc8727116d32
0297e3ab4913795f5ada4914d5d806ed8015bfda7fa2e9e042b387730e635d53
e140e8fc741f1b04543a262f8583c92423b6ceab97fee74e8e766ee3cd0b212a
79708cd86629d7be64c5b6fc5e5f7325273bd5b0baedd310c6b3f3c9b00d1bf6
79708cd86629d7be64c5b6fc5e5f7325273bd5b0baedd310c6b3f3c9b00d1bf6
395dc48e048e013d95df2b50a992187ee9ae71ef5d319a4f491cc6dea12cabf2
395dc48e048e013d95df2b50a992187ee9ae71ef5d319a4f491cc6dea12cabf2
591eca6d5681890463aff6c0fc36a850e0d1499955e2a5cb97d1cd0981382e75
395dc48e048e013d95df2b50a992187ee9ae71ef5d319a4f491cc6dea12cabf2
395dc48e048e013d95df2b50a992187ee9ae71ef5d319a4f491cc6dea12cabf2
395dc48e048e013d95df2b50a992187ee9ae71ef5d319a4f491cc6dea12cabf2
395dc48e048e013d95df2b50a992187ee9ae71ef5d319a4f491cc6dea12cabf2
a3a8560e56a92c4c0a9b2f5b1af649cb230a9defb56754f85484b717c3f94cc4
bd6eb3e9684d2b49d5e677911cced397b152a7c040346986f98f4b9f3642877a
bd6eb3e9684d2b49d5e677911cced397b152a7c040346986f98f4b9f3642877a
herehereherehereheredebug task has run
debug task has run
debug task has run
debug task has run
uplaod_bed_task on:58a4100c-22a4-43b2-8118-9aae5b6210d1
debug task has run
uplaod_bed_task on:8aa804b6-58ee-4f5c-9721-b93fb3986cca
debug task has run
uplaod_bed_task on:397330c8-0a6d-473d-85d6-146536c02e88
debug task has run
debug task has run
uplaod_bed_task on:ef250853-0a9a-48af-ba2f-331a25a8ac60
debug task has run
debug task has run
uplaod_bed_task on:380ca522-f3bc-4db1-9716-ea18367c5c32
debug task has run. IE: tasks are working in some capacity
debug task has run. IE: tasks are working in some capacity
uplaod_bed_task on:1064c05c-6e7e-48dd-9608-dea91859958c
debug task has run. IE: tasks are working in some capacity
debug task has run. IE: tasks are working in some capacity
uplaod_bed_task on:a896c6f7-9baa-4198-acf3-2b3db61dd098
Task Failure:a896c6f7-9baa-4198-acf3-2b3db61dd098
debug task has run. IE: tasks are working in some capacity
debug task has run. IE: tasks are working in some capacity
debug task has run. IE: tasks are working in some capacity
debug task has run. IE: tasks are working in some capacity
debug task has run. IE: tasks are working in some capacity
debug task has run. IE: tasks are working in some capacity
debug task has run. IE: tasks are working in some capacity
uplaod_bed_task on:75bc419f-ddd2-4145-ad5b-569bd6d1371b
Task Failure:75bc419f-ddd2-4145-ad5b-569bd6d1371b
debug task has run. IE: tasks are working in some capacity
debug task has run. IE: tasks are working in some capacity
debug task has run. IE: tasks are working in some capacity
uplaod_bed_task on:aa1bd762-2cde-4b55-8a1d-3438be1642b1
Task Failure:aa1bd762-2cde-4b55-8a1d-3438be1642b1
uplaod_bed_task on:2999b7ff-3d21-4d90-817c-a21036791195
Task Failure:2999b7ff-3d21-4d90-817c-a21036791195
debug task has run. IE: tasks are working in some capacity
uplaod_bed_task on:b13a8dc7-1401-45d5-b4e6-f75cbc33590f
Task Failure:b13a8dc7-1401-45d5-b4e6-f75cbc33590f
debug task has run. IE: tasks are working in some capacity
debug task has run. IE: tasks are working in some capacity
uplaod_bed_task on:2239915b-062c-4f1c-af77-b651a1c0c113
Task Failure:2239915b-062c-4f1c-af77-b651a1c0c113
debug task has run. IE: tasks are working in some capacity
debug task has run. IE: tasks are working in some capacity
uplaod_bed_task on:a1d13c16-cdfb-4198-8ecf-731b6d10fbd0
Task Failure:a1d13c16-cdfb-4198-8ecf-731b6d10fbd0
debug task has run. IE: tasks are working in some capacity
debug task has run. IE: tasks are working in some capacity
uplaod_bed_task on:41b15f19-4ebe-4acd-97ec-415f6df2dd8a
1dd735e655e260542a36874388f929711c20398c208fcea4d3e1d3bb2337a8f4
debug task has run. IE: tasks are working in some capacity
debug task has run. IE: tasks are working in some capacity
uplaod_bed_task on:b771f505-6e09-4b10-acfb-b4da818f7cba
debug task has run. IE: tasks are working in some capacity
debug task has run. IE: tasks are working in some capacity
debug task has run. IE: tasks are working in some capacity
debug task has run. IE: tasks are working in some capacity
debug task has run. IE: tasks are working in some capacity
uplaod_bed_task on:6fed27d3-682a-4074-a416-21b2f6e1ab6a
uplaod_bed_task on:23296ed8-f40a-4da6-8276-9ea1e94b32f1
uplaod_bed_task on:baf845d3-e66e-440b-a8b0-d0ed0ec69c3c
uplaod_bed_task on:60d96013-3930-46b1-b586-422bc9d38f9b
uplaod_bed_task on:f0fc438d-094d-4030-8a99-3ee71489938b
uplaod_bed_task on:0327f7b7-5bee-4f52-a244-d26fa04e9723
uplaod_bed_task on:8c184a73-6aa7-4e9d-819e-589de6a536a1
debug task has run. IE: tasks are working in some capacity
debug task has run. IE: tasks are working in some capacity
uplaod_bed_task on:0d2e3fd1-f387-4c2a-8856-744440a629e0
bd6eb3e9684d2b49d5e677911cced397b152a7c040346986f98f4b9f3642877a
uplaod_bed_task on:71af7c05-539a-4eb5-95c9-df9a22758396
6b7cf10b0098e7db9746384c4ecf51b91c6fbeb2d1394066d3455a81c8f64149
6b7cf10b0098e7db9746384c4ecf51b91c6fbeb2d1394066d3455a81c8f64149
uplaod_bed_task on:7a54942f-586f-4651-9067-d9b61e86a511
debug task has run. IE: tasks are working in some capacity
debug task has run. IE: tasks are working in some capacity
debug task has run. IE: tasks are working in some capacity
debug task has run. IE: tasks are working in some capacity
debug task has run. IE: tasks are working in some capacity
bd6eb3e9684d2b49d5e677911cced397b152a7c040346986f98f4b9f3642877a
debug task has run. IE: tasks are working in some capacity
debug task has run. IE: tasks are working in some capacity
debug task has run. IE: tasks are working in some capacity
debug task has run. IE: tasks are working in some capacity
debug task has run. IE: tasks are working in some capacity
debug task has run. IE: tasks are working in some capacity
bd6eb3e9684d2b49d5e677911cced397b152a7c040346986f98f4b9f3642877a
debug task has run. IE: tasks are working in some capacity
debug task has run. IE: tasks are working in some capacity
debug task has run. IE: tasks are working in some capacity
uplaod_bed_task on:d8f05684-7118-48e4-bfa9-0be5c7de20a0
debug task has run. IE: tasks are working in some capacity
hereData Processing on:1d013d876025c16050c0229e80c5f9b4603c7adc935fe23ccae11ebcf5c25d4c
hereData Processing on:8887797dafdeace1da0ea8feffcabccfddb12a484c72fad75e03c0bdf190db4b
debug task has run. IE: tasks are working in some capacity
hereData Processing on:8bc536ecdd78a2dc4a8987bc00dc7bb6d7b8b108bec5ac21fc20f36c30942adc
8bc536ecdd78a2dc4a8987bc00dc7bb6d7b8b108bec5ac21fc20f36c30942adc
hereData Processing on:8c00308c39a50689806df9e9f515fb7ae4707b3e706a60ff0c1a72750c722cfd
8c00308c39a50689806df9e9f515fb7ae4707b3e706a60ff0c1a72750c722cfd
hereData Processing on:a0825d0a9c646393e5286c03f8dafc86bce62170c814f94cf41e23a99d9c2d09
8bc536ecdd78a2dc4a8987bc00dc7bb6d7b8b108bec5ac21fc20f36c30942adc
uplaod_bed_task on:acf192c3-30ff-41da-99ae-60f735727808
debug task has run. IE: tasks are working in some capacity
debug task has run. IE: tasks are working in some capacity
debug task has run. IE: tasks are working in some capacity
debug task has run. IE: tasks are working in some capacity
debug task has run. IE: tasks are working in some capacity
debug task has run. IE: tasks are working in some capacity
debug task has run. IE: tasks are working in some capacity
debug task has run. IE: tasks are working in some capacity
debug task has run. IE: tasks are working in some capacity
debug task has run. IE: tasks are working in some capacity
debug task has run. IE: tasks are working in some capacity
debug task has run. IE: tasks are working in some capacity
debug task has run. IE: tasks are working in some capacity
debug task has run. IE: tasks are working in some capacity
debug task has run. IE: tasks are working in some capacity
debug task has run. IE: tasks are working in some capacity
debug task has run. IE: tasks are working in some capacity
debug task has run. IE: tasks are working in some capacity
debug task has run. IE: tasks are working in some capacity
69cd0b8cf2a85541d1d00846791aca1a1d0d7d42570c66786ab87d462928cb5d
debug task has run. IE: tasks are working in some capacity
debug task has run. IE: tasks are working in some capacity
uplaod_bed_task on:cff6442a-629f-4a36-9c55-190909a0149f
hereData Processing on:19d6f5a095aa0b0d7390bc3caeafa24394bdf88e6cc9f357ad2bf607b9fc0b25
uplaod_bed_task on:c0df7e45-b3e0-4c1f-a7fb-3b3038eaf3e3
hereData Processing on:9b74280072088fa64cd0196e80ebf11258d91ac02778d127a3bbc279f2eb4c0f
debug task has run. IE: tasks are working in some capacity
b7d6fae4f8c7a5544b7f4fa9e7db8d4b4e407a58c64d6ae943fbb9699326302e
debug task has run. IE: tasks are working in some capacity
debug task has run. IE: tasks are working in some capacity
d14043e0c16ff51e528262fdfd23683807d2c9878a3e135bfbd324fe9ba18187
395dc48e048e013d95df2b50a992187ee9ae71ef5d319a4f491cc6dea12cabf2
395dc48e048e013d95df2b50a992187ee9ae71ef5d319a4f491cc6dea12cabf2
69cd0b8cf2a85541d1d00846791aca1a1d0d7d42570c66786ab87d462928cb5d
79708cd86629d7be64c5b6fc5e5f7325273bd5b0baedd310c6b3f3c9b00d1bf6
d14043e0c16ff51e528262fdfd23683807d2c9878a3e135bfbd324fe9ba18187
08e05b0508841810f53dc23c5f74f1a06428f2e983cc0100f0f512eac95b7036
Data Processing on (Regular Tad Master):45c981bacc516e0528308c2c7ffead9bc4107f6e1e987e034c391a6ee6b8e8a3
Data Processing on (Regular Tad Master):aa8845b6c278c146dd50f09b7eaacd086314834cc31dcfd855df5e3faaed1bcf
debug task has run. IE: tasks are working in some capacity
debug task has run. IE: tasks are working in some capacity
debug task has run. IE: tasks are working in some capacity
debug task has run. IE: tasks are working in some capacity
debug task has run. IE: tasks are working in some capacity
debug task has run. IE: tasks are working in some capacity
debug task has run. IE: tasks are working in some capacity
debug task has run. IE: tasks are working in some capacity
debug task has run. IE: tasks are working in some capacity
debug task has run. IE: tasks are working in some capacity
debug task has run. IE: tasks are working in some capacity
debug task has run. IE: tasks are working in some capacity
debug task has run. IE: tasks are working in some capacity
debug task has run. IE: tasks are working in some capacity
debug task has run. IE: tasks are working in some capacity
debug task has run. IE: tasks are working in some capacity
debug task has run. IE: tasks are working in some capacity
debug task has run. IE: tasks are working in some capacity
debug task has run. IE: tasks are working in some capacity
debug task has run. IE: tasks are working in some capacity
debug task has run. IE: tasks are working in some capacity
debug task has run. IE: tasks are working in some capacity
debug task has run. IE: tasks are working in some capacity
debug task has run. IE: tasks are working in some capacity
debug task has run. IE: tasks are working in some capacity
debug task has run. IE: tasks are working in some capacity
debug task has run. IE: tasks are working in some capacity
debug task has run. IE: tasks are working in some capacity
debug task has run. IE: tasks are working in some capacity
debug task has run. IE: tasks are working in some capacity
debug task has run. IE: tasks are working in some capacity
debug task has run. IE: tasks are working in some capacity
08e05b0508841810f53dc23c5f74f1a06428f2e983cc0100f0f512eac95b7036
d14043e0c16ff51e528262fdfd23683807d2c9878a3e135bfbd324fe9ba18187
debug task has run. IE: tasks are working in some capacity
2226abed59651e99568fd95a431c483fa5c20b413d7b281f3ad0262cfd34a2d5
2226abed59651e99568fd95a431c483fa5c20b413d7b281f3ad0262cfd34a2d5
debug task has run. IE: tasks are working in some capacity
debug task has run. IE: tasks are working in some capacity
2226abed59651e99568fd95a431c483fa5c20b413d7b281f3ad0262cfd34a2d5
debug task has run. IE: tasks are working in some capacity
b7d6fae4f8c7a5544b7f4fa9e7db8d4b4e407a58c64d6ae943fbb9699326302e
debug task has run. IE: tasks are working in some capacity
fd42f1095ef3fffec56f7e20f3b07a81b91bef201b4a4d80740e752405708b17
debug task has run. IE: tasks are working in some capacity
debug task has run. IE: tasks are working in some capacity
fd42f1095ef3fffec56f7e20f3b07a81b91bef201b4a4d80740e752405708b17
debug task has run. IE: tasks are working in some capacity
debug task has run. IE: tasks are working in some capacity
debug task has run. IE: tasks are working in some capacity
debug task has run. IE: tasks are working in some capacity
debug task has run. IE: tasks are working in some capacity
debug task has run. IE: tasks are working in some capacity
debug task has run. IE: tasks are working in some capacity
79708cd86629d7be64c5b6fc5e5f7325273bd5b0baedd310c6b3f3c9b00d1bf6
debug task has run. IE: tasks are working in some capacity
debug task has run. IE: tasks are working in some capacity
debug task has run. IE: tasks are working in some capacity
debug task has run. IE: tasks are working in some capacity
debug task has run. IE: tasks are working in some capacity
debug task has run. IE: tasks are working in some capacity
debug task has run. IE: tasks are working in some capacity
debug task has run. IE: tasks are working in some capacity
debug task has run. IE: tasks are working in some capacity
debug task has run. IE: tasks are working in some capacity
debug task has run. IE: tasks are working in some capacity
debug task has run. IE: tasks are working in some capacity
debug task has run. IE: tasks are working in some capacity
debug task has run. IE: tasks are working in some capacity
debug task has run. IE: tasks are working in some capacity
debug task has run. IE: tasks are working in some capacity
debug task has run. IE: tasks are working in some capacity
debug task has run. IE: tasks are working in some capacity
debug task has run. IE: tasks are working in some capacity
debug task has run. IE: tasks are working in some capacity
uplaod_bed_task on (Tad Master Plus):0e0faf2a-3999-4541-9e0c-1a3e89f73059
debug task has run. IE: tasks are working in some capacity
debug task has run. IE: tasks are working in some capacity
debug task has run. IE: tasks are working in some capacity
debug task has run. IE: tasks are working in some capacity
debug task has run. IE: tasks are working in some capacity
debug task has run. IE: tasks are working in some capacity
debug task has run. IE: tasks are working in some capacity
debug task has run. IE: tasks are working in some capacity
debug task has run. IE: tasks are working in some capacity
debug task has run. IE: tasks are working in some capacity
debug task has run. IE: tasks are working in some capacity
debug task has run. IE: tasks are working in some capacity
debug task has run. IE: tasks are working in some capacity
debug task has run. IE: tasks are working in some capacity
debug task has run. IE: tasks are working in some capacity
debug task has run. IE: tasks are working in some capacity
debug task has run. IE: tasks are working in some capacity
debug task has run. IE: tasks are working in some capacity
debug task has run. IE: tasks are working in some capacity
debug task has run. IE: tasks are working in some capacity
debug task has run. IE: tasks are working in some capacity
debug task has run. IE: tasks are working in some capacity
debug task has run. IE: tasks are working in some capacity
debug task has run. IE: tasks are working in some capacity
debug task has run. IE: tasks are working in some capacity
debug task has run. IE: tasks are working in some capacity
debug task has run. IE: tasks are working in some capacity
debug task has run. IE: tasks are working in some capacity
debug task has run. IE: tasks are working in some capacity
debug task has run. IE: tasks are working in some capacity
debug task has run. IE: tasks are working in some capacity
debug task has run. IE: tasks are working in some capacity
debug task has run. IE: tasks are working in some capacity
debug task has run. IE: tasks are working in some capacity
debug task has run. IE: tasks are working in some capacity
debug task has run. IE: tasks are working in some capacity
debug task has run. IE: tasks are working in some capacity
debug task has run. IE: tasks are working in some capacity
debug task has run. IE: tasks are working in some capacity
debug task has run. IE: tasks are working in some capacity
debug task has run. IE: tasks are working in some capacity
debug task has run. IE: tasks are working in some capacity
debug task has run. IE: tasks are working in some capacity
debug task has run. IE: tasks are working in some capacity
debug task has run. IE: tasks are working in some capacity
debug task has run. IE: tasks are working in some capacity
debug task has run. IE: tasks are working in some capacity
debug task has run. IE: tasks are working in some capacity
debug task has run. IE: tasks are working in some capacity
debug task has run. IE: tasks are working in some capacity
